// Vitest Snapshot v1, https://vitest.dev/guide/snapshot.html

exports[`Ølsalg-reminder > should match snapshot 1`] = `
[
  "---2024-01-01---",
  "Ølsalget stenger kl. <t:1704135600:t>! (<t:1704135600:R>)",
  "---2024-01-02---",
  "Ølsalget stenger kl. <t:1704222000:t>! (<t:1704222000:R>)",
  "---2024-01-03---",
  "Ølsalget stenger kl. <t:1704308400:t>! (<t:1704308400:R>)",
  "---2024-01-04---",
  "Ølsalget stenger kl. <t:1704394800:t>! (<t:1704394800:R>)",
  "---2024-01-05---",
  "Ølsalget stenger kl. <t:1704481200:t>! (<t:1704481200:R>)",
  "---2024-01-06---",
  "Ølsalget stenger kl. <t:1704560400:t>! (<t:1704560400:R>)",
  "---2024-01-07---",
  "Det er ikke ølsalg i dag (Søndag)",
  "---2024-01-08---",
  "Ølsalget stenger kl. <t:1704740400:t>! (<t:1704740400:R>)",
  "---2024-01-09---",
  "Ølsalget stenger kl. <t:1704826800:t>! (<t:1704826800:R>)",
  "---2024-01-10---",
  "Ølsalget stenger kl. <t:1704913200:t>! (<t:1704913200:R>)",
  "---2024-01-11---",
  "Ølsalget stenger kl. <t:1704999600:t>! (<t:1704999600:R>)",
  "---2024-01-12---",
  "Ølsalget stenger kl. <t:1705086000:t>! (<t:1705086000:R>)",
  "---2024-01-13---",
  "Ølsalget stenger kl. <t:1705165200:t>! (<t:1705165200:R>)",
  "---2024-01-14---",
  "Det er ikke ølsalg i dag (Søndag)",
  "---2024-01-15---",
  "Ølsalget stenger kl. <t:1705345200:t>! (<t:1705345200:R>)",
  "---2024-01-16---",
  "Ølsalget stenger kl. <t:1705431600:t>! (<t:1705431600:R>)",
  "---2024-01-17---",
  "Ølsalget stenger kl. <t:1705518000:t>! (<t:1705518000:R>)",
  "---2024-01-18---",
  "Ølsalget stenger kl. <t:1705604400:t>! (<t:1705604400:R>)",
  "---2024-01-19---",
  "Ølsalget stenger kl. <t:1705690800:t>! (<t:1705690800:R>)",
  "---2024-01-20---",
  "Ølsalget stenger kl. <t:1705770000:t>! (<t:1705770000:R>)",
  "---2024-01-21---",
  "Det er ikke ølsalg i dag (Søndag)",
  "---2024-01-22---",
  "Ølsalget stenger kl. <t:1705950000:t>! (<t:1705950000:R>)",
  "---2024-01-23---",
  "Ølsalget stenger kl. <t:1706036400:t>! (<t:1706036400:R>)",
  "---2024-01-24---",
  "Ølsalget stenger kl. <t:1706122800:t>! (<t:1706122800:R>)",
  "---2024-01-25---",
  "Ølsalget stenger kl. <t:1706209200:t>! (<t:1706209200:R>)",
  "---2024-01-26---",
  "Ølsalget stenger kl. <t:1706295600:t>! (<t:1706295600:R>)",
  "---2024-01-27---",
  "Ølsalget stenger kl. <t:1706374800:t>! (<t:1706374800:R>)",
  "---2024-01-28---",
  "Det er ikke ølsalg i dag (Søndag)",
  "---2024-01-29---",
  "Ølsalget stenger kl. <t:1706554800:t>! (<t:1706554800:R>)",
  "---2024-01-30---",
  "Ølsalget stenger kl. <t:1706641200:t>! (<t:1706641200:R>)",
  "---2024-01-31---",
  "Ølsalget stenger kl. <t:1706727600:t>! (<t:1706727600:R>)",
  "---2024-02-01---",
  "Ølsalget stenger kl. <t:1706814000:t>! (<t:1706814000:R>)",
  "---2024-02-02---",
  "Ølsalget stenger kl. <t:1706900400:t>! (<t:1706900400:R>)",
  "---2024-02-03---",
  "Ølsalget stenger kl. <t:1706979600:t>! (<t:1706979600:R>)",
  "---2024-02-04---",
  "Det er ikke ølsalg i dag (Søndag)",
  "---2024-02-05---",
  "Ølsalget stenger kl. <t:1707159600:t>! (<t:1707159600:R>)",
  "---2024-02-06---",
  "Ølsalget stenger kl. <t:1707246000:t>! (<t:1707246000:R>)",
  "---2024-02-07---",
  "Ølsalget stenger kl. <t:1707332400:t>! (<t:1707332400:R>)",
  "---2024-02-08---",
  "Ølsalget stenger kl. <t:1707418800:t>! (<t:1707418800:R>)",
  "---2024-02-09---",
  "Ølsalget stenger kl. <t:1707505200:t>! (<t:1707505200:R>)",
  "---2024-02-10---",
  "Ølsalget stenger kl. <t:1707584400:t>! (<t:1707584400:R>)",
  "---2024-02-11---",
  "Det er ikke ølsalg i dag (Søndag)",
  "---2024-02-12---",
  "Ølsalget stenger kl. <t:1707764400:t>! (<t:1707764400:R>)",
  "---2024-02-13---",
  "Ølsalget stenger kl. <t:1707850800:t>! (<t:1707850800:R>)",
  "---2024-02-14---",
  "Ølsalget stenger kl. <t:1707937200:t>! (<t:1707937200:R>)",
  "---2024-02-15---",
  "Ølsalget stenger kl. <t:1708023600:t>! (<t:1708023600:R>)",
  "---2024-02-16---",
  "Ølsalget stenger kl. <t:1708110000:t>! (<t:1708110000:R>)",
  "---2024-02-17---",
  "Ølsalget stenger kl. <t:1708189200:t>! (<t:1708189200:R>)",
  "---2024-02-18---",
  "Det er ikke ølsalg i dag (Søndag)",
  "---2024-02-19---",
  "Ølsalget stenger kl. <t:1708369200:t>! (<t:1708369200:R>)",
  "---2024-02-20---",
  "Ølsalget stenger kl. <t:1708455600:t>! (<t:1708455600:R>)",
  "---2024-02-21---",
  "Ølsalget stenger kl. <t:1708542000:t>! (<t:1708542000:R>)",
  "---2024-02-22---",
  "Ølsalget stenger kl. <t:1708628400:t>! (<t:1708628400:R>)",
  "---2024-02-23---",
  "Ølsalget stenger kl. <t:1708714800:t>! (<t:1708714800:R>)",
  "---2024-02-24---",
  "Ølsalget stenger kl. <t:1708794000:t>! (<t:1708794000:R>)",
  "---2024-02-25---",
  "Det er ikke ølsalg i dag (Søndag)",
  "---2024-02-26---",
  "Ølsalget stenger kl. <t:1708974000:t>! (<t:1708974000:R>)",
  "---2024-02-27---",
  "Ølsalget stenger kl. <t:1709060400:t>! (<t:1709060400:R>)",
  "---2024-02-28---",
  "Ølsalget stenger kl. <t:1709146800:t>! (<t:1709146800:R>)",
  "---2024-02-29---",
  "Ølsalget stenger kl. <t:1709233200:t>! (<t:1709233200:R>)",
  "---2024-03-01---",
  "Ølsalget stenger kl. <t:1709319600:t>! (<t:1709319600:R>)",
  "---2024-03-02---",
  "Ølsalget stenger kl. <t:1709398800:t>! (<t:1709398800:R>)",
  "---2024-03-03---",
  "Det er ikke ølsalg i dag (Søndag)",
  "---2024-03-04---",
  "Ølsalget stenger kl. <t:1709578800:t>! (<t:1709578800:R>)",
  "---2024-03-05---",
  "Ølsalget stenger kl. <t:1709665200:t>! (<t:1709665200:R>)",
  "---2024-03-06---",
  "Ølsalget stenger kl. <t:1709751600:t>! (<t:1709751600:R>)",
  "---2024-03-07---",
  "Ølsalget stenger kl. <t:1709838000:t>! (<t:1709838000:R>)",
  "---2024-03-08---",
  "Ølsalget stenger kl. <t:1709924400:t>! (<t:1709924400:R>)",
  "---2024-03-09---",
  "Ølsalget stenger kl. <t:1710003600:t>! (<t:1710003600:R>)",
  "---2024-03-10---",
  "Det er ikke ølsalg i dag (Søndag)",
  "---2024-03-11---",
  "Ølsalget stenger kl. <t:1710183600:t>! (<t:1710183600:R>)",
  "---2024-03-12---",
  "Ølsalget stenger kl. <t:1710270000:t>! (<t:1710270000:R>)",
  "---2024-03-13---",
  "Ølsalget stenger kl. <t:1710356400:t>! (<t:1710356400:R>)",
  "---2024-03-14---",
  "Ølsalget stenger kl. <t:1710442800:t>! (<t:1710442800:R>)",
  "---2024-03-15---",
  "Ølsalget stenger kl. <t:1710529200:t>! (<t:1710529200:R>)",
  "---2024-03-16---",
  "Ølsalget stenger kl. <t:1710608400:t>! (<t:1710608400:R>)",
  "---2024-03-17---",
  "Det er ikke ølsalg i dag (Søndag)",
  "---2024-03-18---",
  "Ølsalget stenger kl. <t:1710788400:t>! (<t:1710788400:R>)",
  "---2024-03-19---",
  "Ølsalget stenger kl. <t:1710874800:t>! (<t:1710874800:R>)",
  "---2024-03-20---",
  "Ølsalget stenger kl. <t:1710961200:t>! (<t:1710961200:R>)",
  "---2024-03-21---",
  "Ølsalget stenger kl. <t:1711047600:t>! (<t:1711047600:R>)",
  "---2024-03-22---",
  "Ølsalget stenger kl. <t:1711134000:t>! (<t:1711134000:R>)",
  "---2024-03-23---",
  "Ølsalget stenger kl. <t:1711213200:t>! (<t:1711213200:R>)",
  "---2024-03-24---",
  "Det er ikke ølsalg i dag (Søndag)",
  "---2024-03-25---",
  "Ølsalget stenger kl. <t:1711393200:t>! (<t:1711393200:R>)",
  "---2024-03-26---",
  "Ølsalget stenger kl. <t:1711479600:t>! (<t:1711479600:R>)
@everyone **NB!⚠️** I morgen stenger ølsalget kl. <t:1711558800:t> (Onsdag før skjærtorsdag)",
  "---2024-03-27---",
  "Ølsalget stenger kl. <t:1711558800:t>! (<t:1711558800:R>)",
  "---2024-03-28---",
  "Ølsalget stenger kl. <t:1711652400:t>! (<t:1711652400:R>)",
  "---2024-03-29---",
  "Ølsalget stenger kl. <t:1711738800:t>! (<t:1711738800:R>)
@everyone **NB!⚠️** I morgen stenger ølsalget kl. <t:1711810800:t> (Påskeaften)",
  "---2024-03-30---",
  "Ølsalget stenger kl. <t:1711810800:t>! (<t:1711810800:R>)
**NB!⚠️** Det er ikke ølsalg i morgen (1. påskedag)",
  "---2024-03-31---",
  "Det er ikke ølsalg i dag (1. påskedag)",
  "---2024-04-01---",
  "Ølsalget stenger kl. <t:1711994400:t>! (<t:1711994400:R>)",
  "---2024-04-02---",
  "Ølsalget stenger kl. <t:1712080800:t>! (<t:1712080800:R>)",
  "---2024-04-03---",
  "Ølsalget stenger kl. <t:1712167200:t>! (<t:1712167200:R>)",
  "---2024-04-04---",
  "Ølsalget stenger kl. <t:1712253600:t>! (<t:1712253600:R>)",
  "---2024-04-05---",
  "Ølsalget stenger kl. <t:1712340000:t>! (<t:1712340000:R>)",
  "---2024-04-06---",
  "Ølsalget stenger kl. <t:1712419200:t>! (<t:1712419200:R>)",
  "---2024-04-07---",
  "Det er ikke ølsalg i dag (Søndag)",
  "---2024-04-08---",
  "Ølsalget stenger kl. <t:1712599200:t>! (<t:1712599200:R>)",
  "---2024-04-09---",
  "Ølsalget stenger kl. <t:1712685600:t>! (<t:1712685600:R>)",
  "---2024-04-10---",
  "Ølsalget stenger kl. <t:1712772000:t>! (<t:1712772000:R>)",
  "---2024-04-11---",
  "Ølsalget stenger kl. <t:1712858400:t>! (<t:1712858400:R>)",
  "---2024-04-12---",
  "Ølsalget stenger kl. <t:1712944800:t>! (<t:1712944800:R>)",
  "---2024-04-13---",
  "Ølsalget stenger kl. <t:1713024000:t>! (<t:1713024000:R>)",
  "---2024-04-14---",
  "Det er ikke ølsalg i dag (Søndag)",
  "---2024-04-15---",
  "Ølsalget stenger kl. <t:1713204000:t>! (<t:1713204000:R>)",
  "---2024-04-16---",
  "Ølsalget stenger kl. <t:1713290400:t>! (<t:1713290400:R>)",
  "---2024-04-17---",
  "Ølsalget stenger kl. <t:1713376800:t>! (<t:1713376800:R>)",
  "---2024-04-18---",
  "Ølsalget stenger kl. <t:1713463200:t>! (<t:1713463200:R>)",
  "---2024-04-19---",
  "Ølsalget stenger kl. <t:1713549600:t>! (<t:1713549600:R>)",
  "---2024-04-20---",
  "Ølsalget stenger kl. <t:1713628800:t>! (<t:1713628800:R>)",
  "---2024-04-21---",
  "Det er ikke ølsalg i dag (Søndag)",
  "---2024-04-22---",
  "Ølsalget stenger kl. <t:1713808800:t>! (<t:1713808800:R>)",
  "---2024-04-23---",
  "Ølsalget stenger kl. <t:1713895200:t>! (<t:1713895200:R>)",
  "---2024-04-24---",
  "Ølsalget stenger kl. <t:1713981600:t>! (<t:1713981600:R>)",
  "---2024-04-25---",
  "Ølsalget stenger kl. <t:1714068000:t>! (<t:1714068000:R>)",
  "---2024-04-26---",
  "Ølsalget stenger kl. <t:1714154400:t>! (<t:1714154400:R>)",
  "---2024-04-27---",
  "Ølsalget stenger kl. <t:1714233600:t>! (<t:1714233600:R>)",
  "---2024-04-28---",
  "Det er ikke ølsalg i dag (Søndag)",
  "---2024-04-29---",
  "Ølsalget stenger kl. <t:1714413600:t>! (<t:1714413600:R>)",
  "---2024-04-30---",
  "Ølsalget stenger kl. <t:1714500000:t>! (<t:1714500000:R>)
**NB!⚠️** Det er ikke ølsalg i morgen (Arbeidernes dag)",
  "---2024-05-01---",
  "Det er ikke ølsalg i dag (Arbeidernes dag)",
  "---2024-05-02---",
  "Ølsalget stenger kl. <t:1714672800:t>! (<t:1714672800:R>)",
  "---2024-05-03---",
  "Ølsalget stenger kl. <t:1714759200:t>! (<t:1714759200:R>)",
  "---2024-05-04---",
  "Ølsalget stenger kl. <t:1714838400:t>! (<t:1714838400:R>)",
  "---2024-05-05---",
  "Det er ikke ølsalg i dag (Søndag)",
  "---2024-05-06---",
  "Ølsalget stenger kl. <t:1715018400:t>! (<t:1715018400:R>)",
  "---2024-05-07---",
  "Ølsalget stenger kl. <t:1715104800:t>! (<t:1715104800:R>)",
  "---2024-05-08---",
  "Ølsalget stenger kl. <t:1715191200:t>! (<t:1715191200:R>)",
  "---2024-05-09---",
  "Ølsalget stenger kl. <t:1715277600:t>! (<t:1715277600:R>)",
  "---2024-05-10---",
  "Ølsalget stenger kl. <t:1715364000:t>! (<t:1715364000:R>)",
  "---2024-05-11---",
  "Ølsalget stenger kl. <t:1715443200:t>! (<t:1715443200:R>)",
  "---2024-05-12---",
  "Det er ikke ølsalg i dag (Søndag)",
  "---2024-05-13---",
  "Ølsalget stenger kl. <t:1715623200:t>! (<t:1715623200:R>)",
  "---2024-05-14---",
  "Ølsalget stenger kl. <t:1715709600:t>! (<t:1715709600:R>)",
  "---2024-05-15---",
  "Ølsalget stenger kl. <t:1715796000:t>! (<t:1715796000:R>)",
  "---2024-05-16---",
  "Ølsalget stenger kl. <t:1715882400:t>! (<t:1715882400:R>)
**NB!⚠️** Det er ikke ølsalg i morgen (Grunnlovsdag)",
  "---2024-05-17---",
  "Det er ikke ølsalg i dag (Grunnlovsdag)
@everyone **NB!⚠️** I morgen stenger ølsalget kl. <t:1716040800:t> (Pinseaften)",
  "---2024-05-18---",
  "Ølsalget stenger kl. <t:1716040800:t>! (<t:1716040800:R>)
**NB!⚠️** Det er ikke ølsalg i morgen (1. pinsedag)",
  "---2024-05-19---",
  "Det er ikke ølsalg i dag (1. pinsedag)",
  "---2024-05-20---",
  "Ølsalget stenger kl. <t:1716228000:t>! (<t:1716228000:R>)",
  "---2024-05-21---",
  "Ølsalget stenger kl. <t:1716314400:t>! (<t:1716314400:R>)",
  "---2024-05-22---",
  "Ølsalget stenger kl. <t:1716400800:t>! (<t:1716400800:R>)",
  "---2024-05-23---",
  "Ølsalget stenger kl. <t:1716487200:t>! (<t:1716487200:R>)",
  "---2024-05-24---",
  "Ølsalget stenger kl. <t:1716573600:t>! (<t:1716573600:R>)",
  "---2024-05-25---",
  "Ølsalget stenger kl. <t:1716652800:t>! (<t:1716652800:R>)",
  "---2024-05-26---",
  "Det er ikke ølsalg i dag (Søndag)",
  "---2024-05-27---",
  "Ølsalget stenger kl. <t:1716832800:t>! (<t:1716832800:R>)",
  "---2024-05-28---",
  "Ølsalget stenger kl. <t:1716919200:t>! (<t:1716919200:R>)",
  "---2024-05-29---",
  "Ølsalget stenger kl. <t:1717005600:t>! (<t:1717005600:R>)",
  "---2024-05-30---",
  "Ølsalget stenger kl. <t:1717092000:t>! (<t:1717092000:R>)",
  "---2024-05-31---",
  "Ølsalget stenger kl. <t:1717178400:t>! (<t:1717178400:R>)",
  "---2024-06-01---",
  "Ølsalget stenger kl. <t:1717257600:t>! (<t:1717257600:R>)",
  "---2024-06-02---",
  "Det er ikke ølsalg i dag (Søndag)",
  "---2024-06-03---",
  "Ølsalget stenger kl. <t:1717437600:t>! (<t:1717437600:R>)",
  "---2024-06-04---",
  "Ølsalget stenger kl. <t:1717524000:t>! (<t:1717524000:R>)",
  "---2024-06-05---",
  "Ølsalget stenger kl. <t:1717610400:t>! (<t:1717610400:R>)",
  "---2024-06-06---",
  "Ølsalget stenger kl. <t:1717696800:t>! (<t:1717696800:R>)",
  "---2024-06-07---",
  "Ølsalget stenger kl. <t:1717783200:t>! (<t:1717783200:R>)",
  "---2024-06-08---",
  "Ølsalget stenger kl. <t:1717862400:t>! (<t:1717862400:R>)",
  "---2024-06-09---",
  "Det er ikke ølsalg i dag (Søndag)",
  "---2024-06-10---",
  "Ølsalget stenger kl. <t:1718042400:t>! (<t:1718042400:R>)",
  "---2024-06-11---",
  "Ølsalget stenger kl. <t:1718128800:t>! (<t:1718128800:R>)",
  "---2024-06-12---",
  "Ølsalget stenger kl. <t:1718215200:t>! (<t:1718215200:R>)",
  "---2024-06-13---",
  "Ølsalget stenger kl. <t:1718301600:t>! (<t:1718301600:R>)",
  "---2024-06-14---",
  "Ølsalget stenger kl. <t:1718388000:t>! (<t:1718388000:R>)",
  "---2024-06-15---",
  "Ølsalget stenger kl. <t:1718467200:t>! (<t:1718467200:R>)",
  "---2024-06-16---",
  "Det er ikke ølsalg i dag (Søndag)",
  "---2024-06-17---",
  "Ølsalget stenger kl. <t:1718647200:t>! (<t:1718647200:R>)",
  "---2024-06-18---",
  "Ølsalget stenger kl. <t:1718733600:t>! (<t:1718733600:R>)",
  "---2024-06-19---",
  "Ølsalget stenger kl. <t:1718820000:t>! (<t:1718820000:R>)",
  "---2024-06-20---",
  "Ølsalget stenger kl. <t:1718906400:t>! (<t:1718906400:R>)",
  "---2024-06-21---",
  "Ølsalget stenger kl. <t:1718992800:t>! (<t:1718992800:R>)",
  "---2024-06-22---",
  "Ølsalget stenger kl. <t:1719072000:t>! (<t:1719072000:R>)",
  "---2024-06-23---",
  "Det er ikke ølsalg i dag (Søndag)",
  "---2024-06-24---",
  "Ølsalget stenger kl. <t:1719252000:t>! (<t:1719252000:R>)",
  "---2024-06-25---",
  "Ølsalget stenger kl. <t:1719338400:t>! (<t:1719338400:R>)",
  "---2024-06-26---",
  "Ølsalget stenger kl. <t:1719424800:t>! (<t:1719424800:R>)",
  "---2024-06-27---",
  "Ølsalget stenger kl. <t:1719511200:t>! (<t:1719511200:R>)",
  "---2024-06-28---",
  "Ølsalget stenger kl. <t:1719597600:t>! (<t:1719597600:R>)",
  "---2024-06-29---",
  "Ølsalget stenger kl. <t:1719676800:t>! (<t:1719676800:R>)",
  "---2024-06-30---",
  "Det er ikke ølsalg i dag (Søndag)",
  "---2024-07-01---",
  "Ølsalget stenger kl. <t:1719856800:t>! (<t:1719856800:R>)",
  "---2024-07-02---",
  "Ølsalget stenger kl. <t:1719943200:t>! (<t:1719943200:R>)",
  "---2024-07-03---",
  "Ølsalget stenger kl. <t:1720029600:t>! (<t:1720029600:R>)",
  "---2024-07-04---",
  "Ølsalget stenger kl. <t:1720116000:t>! (<t:1720116000:R>)",
  "---2024-07-05---",
  "Ølsalget stenger kl. <t:1720202400:t>! (<t:1720202400:R>)",
  "---2024-07-06---",
  "Ølsalget stenger kl. <t:1720281600:t>! (<t:1720281600:R>)",
  "---2024-07-07---",
  "Det er ikke ølsalg i dag (Søndag)",
  "---2024-07-08---",
  "Ølsalget stenger kl. <t:1720461600:t>! (<t:1720461600:R>)",
  "---2024-07-09---",
  "Ølsalget stenger kl. <t:1720548000:t>! (<t:1720548000:R>)",
  "---2024-07-10---",
  "Ølsalget stenger kl. <t:1720634400:t>! (<t:1720634400:R>)",
  "---2024-07-11---",
  "Ølsalget stenger kl. <t:1720720800:t>! (<t:1720720800:R>)",
  "---2024-07-12---",
  "Ølsalget stenger kl. <t:1720807200:t>! (<t:1720807200:R>)",
  "---2024-07-13---",
  "Ølsalget stenger kl. <t:1720886400:t>! (<t:1720886400:R>)",
  "---2024-07-14---",
  "Det er ikke ølsalg i dag (Søndag)",
  "---2024-07-15---",
  "Ølsalget stenger kl. <t:1721066400:t>! (<t:1721066400:R>)",
  "---2024-07-16---",
  "Ølsalget stenger kl. <t:1721152800:t>! (<t:1721152800:R>)",
  "---2024-07-17---",
  "Ølsalget stenger kl. <t:1721239200:t>! (<t:1721239200:R>)",
  "---2024-07-18---",
  "Ølsalget stenger kl. <t:1721325600:t>! (<t:1721325600:R>)",
  "---2024-07-19---",
  "Ølsalget stenger kl. <t:1721412000:t>! (<t:1721412000:R>)",
  "---2024-07-20---",
  "Ølsalget stenger kl. <t:1721491200:t>! (<t:1721491200:R>)",
  "---2024-07-21---",
  "Det er ikke ølsalg i dag (Søndag)",
  "---2024-07-22---",
  "Ølsalget stenger kl. <t:1721671200:t>! (<t:1721671200:R>)",
  "---2024-07-23---",
  "Ølsalget stenger kl. <t:1721757600:t>! (<t:1721757600:R>)",
  "---2024-07-24---",
  "Ølsalget stenger kl. <t:1721844000:t>! (<t:1721844000:R>)",
  "---2024-07-25---",
  "Ølsalget stenger kl. <t:1721930400:t>! (<t:1721930400:R>)",
  "---2024-07-26---",
  "Ølsalget stenger kl. <t:1722016800:t>! (<t:1722016800:R>)",
  "---2024-07-27---",
  "Ølsalget stenger kl. <t:1722096000:t>! (<t:1722096000:R>)",
  "---2024-07-28---",
  "Det er ikke ølsalg i dag (Søndag)",
  "---2024-07-29---",
  "Ølsalget stenger kl. <t:1722276000:t>! (<t:1722276000:R>)",
  "---2024-07-30---",
  "Ølsalget stenger kl. <t:1722362400:t>! (<t:1722362400:R>)",
  "---2024-07-31---",
  "Ølsalget stenger kl. <t:1722448800:t>! (<t:1722448800:R>)",
  "---2024-08-01---",
  "Ølsalget stenger kl. <t:1722535200:t>! (<t:1722535200:R>)",
  "---2024-08-02---",
  "Ølsalget stenger kl. <t:1722621600:t>! (<t:1722621600:R>)",
  "---2024-08-03---",
  "Ølsalget stenger kl. <t:1722700800:t>! (<t:1722700800:R>)",
  "---2024-08-04---",
  "Det er ikke ølsalg i dag (Søndag)",
  "---2024-08-05---",
  "Ølsalget stenger kl. <t:1722880800:t>! (<t:1722880800:R>)",
  "---2024-08-06---",
  "Ølsalget stenger kl. <t:1722967200:t>! (<t:1722967200:R>)",
  "---2024-08-07---",
  "Ølsalget stenger kl. <t:1723053600:t>! (<t:1723053600:R>)",
  "---2024-08-08---",
  "Ølsalget stenger kl. <t:1723140000:t>! (<t:1723140000:R>)",
  "---2024-08-09---",
  "Ølsalget stenger kl. <t:1723226400:t>! (<t:1723226400:R>)",
  "---2024-08-10---",
  "Ølsalget stenger kl. <t:1723305600:t>! (<t:1723305600:R>)",
  "---2024-08-11---",
  "Det er ikke ølsalg i dag (Søndag)",
  "---2024-08-12---",
  "Ølsalget stenger kl. <t:1723485600:t>! (<t:1723485600:R>)",
  "---2024-08-13---",
  "Ølsalget stenger kl. <t:1723572000:t>! (<t:1723572000:R>)",
  "---2024-08-14---",
  "Ølsalget stenger kl. <t:1723658400:t>! (<t:1723658400:R>)",
  "---2024-08-15---",
  "Ølsalget stenger kl. <t:1723744800:t>! (<t:1723744800:R>)",
  "---2024-08-16---",
  "Ølsalget stenger kl. <t:1723831200:t>! (<t:1723831200:R>)",
  "---2024-08-17---",
  "Ølsalget stenger kl. <t:1723910400:t>! (<t:1723910400:R>)",
  "---2024-08-18---",
  "Det er ikke ølsalg i dag (Søndag)",
  "---2024-08-19---",
  "Ølsalget stenger kl. <t:1724090400:t>! (<t:1724090400:R>)",
  "---2024-08-20---",
  "Ølsalget stenger kl. <t:1724176800:t>! (<t:1724176800:R>)",
  "---2024-08-21---",
  "Ølsalget stenger kl. <t:1724263200:t>! (<t:1724263200:R>)",
  "---2024-08-22---",
  "Ølsalget stenger kl. <t:1724349600:t>! (<t:1724349600:R>)",
  "---2024-08-23---",
  "Ølsalget stenger kl. <t:1724436000:t>! (<t:1724436000:R>)",
  "---2024-08-24---",
  "Ølsalget stenger kl. <t:1724515200:t>! (<t:1724515200:R>)",
  "---2024-08-25---",
  "Det er ikke ølsalg i dag (Søndag)",
  "---2024-08-26---",
  "Ølsalget stenger kl. <t:1724695200:t>! (<t:1724695200:R>)",
  "---2024-08-27---",
  "Ølsalget stenger kl. <t:1724781600:t>! (<t:1724781600:R>)",
  "---2024-08-28---",
  "Ølsalget stenger kl. <t:1724868000:t>! (<t:1724868000:R>)",
  "---2024-08-29---",
  "Ølsalget stenger kl. <t:1724954400:t>! (<t:1724954400:R>)",
  "---2024-08-30---",
  "Ølsalget stenger kl. <t:1725040800:t>! (<t:1725040800:R>)",
  "---2024-08-31---",
  "Ølsalget stenger kl. <t:1725120000:t>! (<t:1725120000:R>)",
  "---2024-09-01---",
  "Det er ikke ølsalg i dag (Søndag)",
  "---2024-09-02---",
  "Ølsalget stenger kl. <t:1725300000:t>! (<t:1725300000:R>)",
  "---2024-09-03---",
  "Ølsalget stenger kl. <t:1725386400:t>! (<t:1725386400:R>)",
  "---2024-09-04---",
  "Ølsalget stenger kl. <t:1725472800:t>! (<t:1725472800:R>)",
  "---2024-09-05---",
  "Ølsalget stenger kl. <t:1725559200:t>! (<t:1725559200:R>)",
  "---2024-09-06---",
  "Ølsalget stenger kl. <t:1725645600:t>! (<t:1725645600:R>)",
  "---2024-09-07---",
  "Ølsalget stenger kl. <t:1725724800:t>! (<t:1725724800:R>)",
  "---2024-09-08---",
  "Det er ikke ølsalg i dag (Søndag)",
  "---2024-09-09---",
  "Ølsalget stenger kl. <t:1725904800:t>! (<t:1725904800:R>)",
  "---2024-09-10---",
  "Ølsalget stenger kl. <t:1725991200:t>! (<t:1725991200:R>)",
  "---2024-09-11---",
  "Ølsalget stenger kl. <t:1726077600:t>! (<t:1726077600:R>)",
  "---2024-09-12---",
  "Ølsalget stenger kl. <t:1726164000:t>! (<t:1726164000:R>)",
  "---2024-09-13---",
  "Ølsalget stenger kl. <t:1726250400:t>! (<t:1726250400:R>)",
  "---2024-09-14---",
  "Ølsalget stenger kl. <t:1726329600:t>! (<t:1726329600:R>)",
  "---2024-09-15---",
  "Det er ikke ølsalg i dag (Søndag)",
  "---2024-09-16---",
  "Ølsalget stenger kl. <t:1726509600:t>! (<t:1726509600:R>)",
  "---2024-09-17---",
  "Ølsalget stenger kl. <t:1726596000:t>! (<t:1726596000:R>)",
  "---2024-09-18---",
  "Ølsalget stenger kl. <t:1726682400:t>! (<t:1726682400:R>)",
  "---2024-09-19---",
  "Ølsalget stenger kl. <t:1726768800:t>! (<t:1726768800:R>)",
  "---2024-09-20---",
  "Ølsalget stenger kl. <t:1726855200:t>! (<t:1726855200:R>)",
  "---2024-09-21---",
  "Ølsalget stenger kl. <t:1726934400:t>! (<t:1726934400:R>)",
  "---2024-09-22---",
  "Det er ikke ølsalg i dag (Søndag)",
  "---2024-09-23---",
  "Ølsalget stenger kl. <t:1727114400:t>! (<t:1727114400:R>)",
  "---2024-09-24---",
  "Ølsalget stenger kl. <t:1727200800:t>! (<t:1727200800:R>)",
  "---2024-09-25---",
  "Ølsalget stenger kl. <t:1727287200:t>! (<t:1727287200:R>)",
  "---2024-09-26---",
  "Ølsalget stenger kl. <t:1727373600:t>! (<t:1727373600:R>)",
  "---2024-09-27---",
  "Ølsalget stenger kl. <t:1727460000:t>! (<t:1727460000:R>)",
  "---2024-09-28---",
  "Ølsalget stenger kl. <t:1727539200:t>! (<t:1727539200:R>)",
  "---2024-09-29---",
  "Det er ikke ølsalg i dag (Søndag)",
  "---2024-09-30---",
  "Ølsalget stenger kl. <t:1727719200:t>! (<t:1727719200:R>)",
  "---2024-10-01---",
  "Ølsalget stenger kl. <t:1727805600:t>! (<t:1727805600:R>)",
  "---2024-10-02---",
  "Ølsalget stenger kl. <t:1727892000:t>! (<t:1727892000:R>)",
  "---2024-10-03---",
  "Ølsalget stenger kl. <t:1727978400:t>! (<t:1727978400:R>)",
  "---2024-10-04---",
  "Ølsalget stenger kl. <t:1728064800:t>! (<t:1728064800:R>)",
  "---2024-10-05---",
  "Ølsalget stenger kl. <t:1728144000:t>! (<t:1728144000:R>)",
  "---2024-10-06---",
  "Det er ikke ølsalg i dag (Søndag)",
  "---2024-10-07---",
  "Ølsalget stenger kl. <t:1728324000:t>! (<t:1728324000:R>)",
  "---2024-10-08---",
  "Ølsalget stenger kl. <t:1728410400:t>! (<t:1728410400:R>)",
  "---2024-10-09---",
  "Ølsalget stenger kl. <t:1728496800:t>! (<t:1728496800:R>)",
  "---2024-10-10---",
  "Ølsalget stenger kl. <t:1728583200:t>! (<t:1728583200:R>)",
  "---2024-10-11---",
  "Ølsalget stenger kl. <t:1728669600:t>! (<t:1728669600:R>)",
  "---2024-10-12---",
  "Ølsalget stenger kl. <t:1728748800:t>! (<t:1728748800:R>)",
  "---2024-10-13---",
  "Det er ikke ølsalg i dag (Søndag)",
  "---2024-10-14---",
  "Ølsalget stenger kl. <t:1728928800:t>! (<t:1728928800:R>)",
  "---2024-10-15---",
  "Ølsalget stenger kl. <t:1729015200:t>! (<t:1729015200:R>)",
  "---2024-10-16---",
  "Ølsalget stenger kl. <t:1729101600:t>! (<t:1729101600:R>)",
  "---2024-10-17---",
  "Ølsalget stenger kl. <t:1729188000:t>! (<t:1729188000:R>)",
  "---2024-10-18---",
  "Ølsalget stenger kl. <t:1729274400:t>! (<t:1729274400:R>)",
  "---2024-10-19---",
  "Ølsalget stenger kl. <t:1729353600:t>! (<t:1729353600:R>)",
  "---2024-10-20---",
  "Det er ikke ølsalg i dag (Søndag)",
  "---2024-10-21---",
  "Ølsalget stenger kl. <t:1729533600:t>! (<t:1729533600:R>)",
  "---2024-10-22---",
  "Ølsalget stenger kl. <t:1729620000:t>! (<t:1729620000:R>)",
  "---2024-10-23---",
  "Ølsalget stenger kl. <t:1729706400:t>! (<t:1729706400:R>)",
  "---2024-10-24---",
  "Ølsalget stenger kl. <t:1729792800:t>! (<t:1729792800:R>)",
  "---2024-10-25---",
  "Ølsalget stenger kl. <t:1729879200:t>! (<t:1729879200:R>)",
  "---2024-10-26---",
  "Ølsalget stenger kl. <t:1729958400:t>! (<t:1729958400:R>)",
  "---2024-10-27---",
  "Det er ikke ølsalg i dag (Søndag)",
  "---2024-10-28---",
  "Ølsalget stenger kl. <t:1730142000:t>! (<t:1730142000:R>)",
  "---2024-10-29---",
  "Ølsalget stenger kl. <t:1730228400:t>! (<t:1730228400:R>)",
  "---2024-10-30---",
  "Ølsalget stenger kl. <t:1730314800:t>! (<t:1730314800:R>)",
  "---2024-10-31---",
  "Ølsalget stenger kl. <t:1730401200:t>! (<t:1730401200:R>)",
  "---2024-11-01---",
  "Ølsalget stenger kl. <t:1730487600:t>! (<t:1730487600:R>)",
  "---2024-11-02---",
  "Ølsalget stenger kl. <t:1730566800:t>! (<t:1730566800:R>)",
  "---2024-11-03---",
  "Det er ikke ølsalg i dag (Søndag)",
  "---2024-11-04---",
  "Ølsalget stenger kl. <t:1730746800:t>! (<t:1730746800:R>)",
  "---2024-11-05---",
  "Ølsalget stenger kl. <t:1730833200:t>! (<t:1730833200:R>)",
  "---2024-11-06---",
  "Ølsalget stenger kl. <t:1730919600:t>! (<t:1730919600:R>)",
  "---2024-11-07---",
  "Ølsalget stenger kl. <t:1731006000:t>! (<t:1731006000:R>)",
  "---2024-11-08---",
  "Ølsalget stenger kl. <t:1731092400:t>! (<t:1731092400:R>)",
  "---2024-11-09---",
  "Ølsalget stenger kl. <t:1731171600:t>! (<t:1731171600:R>)",
  "---2024-11-10---",
  "Det er ikke ølsalg i dag (Søndag)",
  "---2024-11-11---",
  "Ølsalget stenger kl. <t:1731351600:t>! (<t:1731351600:R>)",
  "---2024-11-12---",
  "Ølsalget stenger kl. <t:1731438000:t>! (<t:1731438000:R>)",
  "---2024-11-13---",
  "Ølsalget stenger kl. <t:1731524400:t>! (<t:1731524400:R>)",
  "---2024-11-14---",
  "Ølsalget stenger kl. <t:1731610800:t>! (<t:1731610800:R>)",
  "---2024-11-15---",
  "Ølsalget stenger kl. <t:1731697200:t>! (<t:1731697200:R>)",
  "---2024-11-16---",
  "Ølsalget stenger kl. <t:1731776400:t>! (<t:1731776400:R>)",
  "---2024-11-17---",
  "Det er ikke ølsalg i dag (Søndag)",
  "---2024-11-18---",
  "Ølsalget stenger kl. <t:1731956400:t>! (<t:1731956400:R>)",
  "---2024-11-19---",
  "Ølsalget stenger kl. <t:1732042800:t>! (<t:1732042800:R>)",
  "---2024-11-20---",
  "Ølsalget stenger kl. <t:1732129200:t>! (<t:1732129200:R>)",
  "---2024-11-21---",
  "Ølsalget stenger kl. <t:1732215600:t>! (<t:1732215600:R>)",
  "---2024-11-22---",
  "Ølsalget stenger kl. <t:1732302000:t>! (<t:1732302000:R>)",
  "---2024-11-23---",
  "Ølsalget stenger kl. <t:1732381200:t>! (<t:1732381200:R>)",
  "---2024-11-24---",
  "Det er ikke ølsalg i dag (Søndag)",
  "---2024-11-25---",
  "Ølsalget stenger kl. <t:1732561200:t>! (<t:1732561200:R>)",
  "---2024-11-26---",
  "Ølsalget stenger kl. <t:1732647600:t>! (<t:1732647600:R>)",
  "---2024-11-27---",
  "Ølsalget stenger kl. <t:1732734000:t>! (<t:1732734000:R>)",
  "---2024-11-28---",
  "Ølsalget stenger kl. <t:1732820400:t>! (<t:1732820400:R>)",
  "---2024-11-29---",
  "Ølsalget stenger kl. <t:1732906800:t>! (<t:1732906800:R>)",
  "---2024-11-30---",
  "Ølsalget stenger kl. <t:1732986000:t>! (<t:1732986000:R>)",
  "---2024-12-01---",
  "Det er ikke ølsalg i dag (Søndag)",
  "---2024-12-02---",
  "Ølsalget stenger kl. <t:1733166000:t>! (<t:1733166000:R>)",
  "---2024-12-03---",
  "Ølsalget stenger kl. <t:1733252400:t>! (<t:1733252400:R>)",
  "---2024-12-04---",
  "Ølsalget stenger kl. <t:1733338800:t>! (<t:1733338800:R>)",
  "---2024-12-05---",
  "Ølsalget stenger kl. <t:1733425200:t>! (<t:1733425200:R>)",
  "---2024-12-06---",
  "Ølsalget stenger kl. <t:1733511600:t>! (<t:1733511600:R>)",
  "---2024-12-07---",
  "Ølsalget stenger kl. <t:1733590800:t>! (<t:1733590800:R>)",
  "---2024-12-08---",
  "Det er ikke ølsalg i dag (Søndag)",
  "---2024-12-09---",
  "Ølsalget stenger kl. <t:1733770800:t>! (<t:1733770800:R>)",
  "---2024-12-10---",
  "Ølsalget stenger kl. <t:1733857200:t>! (<t:1733857200:R>)",
  "---2024-12-11---",
  "Ølsalget stenger kl. <t:1733943600:t>! (<t:1733943600:R>)",
  "---2024-12-12---",
  "Ølsalget stenger kl. <t:1734030000:t>! (<t:1734030000:R>)",
  "---2024-12-13---",
  "Ølsalget stenger kl. <t:1734116400:t>! (<t:1734116400:R>)",
  "---2024-12-14---",
  "Ølsalget stenger kl. <t:1734195600:t>! (<t:1734195600:R>)",
  "---2024-12-15---",
  "Det er ikke ølsalg i dag (Søndag)",
  "---2024-12-16---",
  "Ølsalget stenger kl. <t:1734375600:t>! (<t:1734375600:R>)",
  "---2024-12-17---",
  "Ølsalget stenger kl. <t:1734462000:t>! (<t:1734462000:R>)",
  "---2024-12-18---",
  "Ølsalget stenger kl. <t:1734548400:t>! (<t:1734548400:R>)",
  "---2024-12-19---",
  "Ølsalget stenger kl. <t:1734634800:t>! (<t:1734634800:R>)",
  "---2024-12-20---",
  "Ølsalget stenger kl. <t:1734721200:t>! (<t:1734721200:R>)",
  "---2024-12-21---",
  "Ølsalget stenger kl. <t:1734800400:t>! (<t:1734800400:R>)",
  "---2024-12-22---",
  "Det er ikke ølsalg i dag (Søndag)",
  "---2024-12-23---",
  "Ølsalget stenger kl. <t:1734980400:t>! (<t:1734980400:R>)
@everyone **NB!⚠️** I morgen stenger ølsalget kl. <t:1735052400:t> (Julaften)",
  "---2024-12-24---",
  "Ølsalget stenger kl. <t:1735052400:t>! (<t:1735052400:R>)",
  "---2024-12-25---",
  "Ølsalget stenger kl. <t:1735153200:t>! (<t:1735153200:R>)",
  "---2024-12-26---",
  "Ølsalget stenger kl. <t:1735239600:t>! (<t:1735239600:R>)",
  "---2024-12-27---",
  "Ølsalget stenger kl. <t:1735326000:t>! (<t:1735326000:R>)",
  "---2024-12-28---",
  "Ølsalget stenger kl. <t:1735405200:t>! (<t:1735405200:R>)",
  "---2024-12-29---",
  "Det er ikke ølsalg i dag (Søndag)",
  "---2024-12-30---",
  "Ølsalget stenger kl. <t:1735585200:t>! (<t:1735585200:R>)
@everyone **NB!⚠️** I morgen stenger ølsalget kl. <t:1735664400:t> (Nyttårsaften)",
]
`;
